SOURCE smrj-2017-discretionary status=200 bytes=1321060 magic=%PDF-
BEGIN smrj-2017-discretionary pages=14
PAGE 1 lines=113
918.1	[317.9]平成29年度4月期 | [434.7]公共調達の適正化（平成18年8月25日付財計第2017号）についてに基づく随意契約に係る情報の公表（物品役務等）
875.6	[1162.3]独立行政法人 | [1235.5]中小企業基盤整備機構
846.1	[330.8]契約担当官等の氏名並びに | [765.3]随意契約によることとした会計規程上の根拠
840.0	[1191.2]落札率 | [1230.5]再就職の
833.9	[146.5]物品役務等の名称及び数量 | [331.6]その所属する部局の名称及 | [473.6]契約を締結した日 | [568.8]契約の相手方の商号又は名称及び住所 | [835.2]条文及び理由 | [1001.0]予定価格（円） | [1106.8]契約金額（円） | [1301.3]備考
827.8	[1196.7]（％） | [1230.5]職員の数
821.6	[374.5]び所在地 | [818.5]（企画競争又は公募）
805.0	[762.4]契約の相手方を変更することにより、既存のサービス等
796.0	[327.3]分任契約担当役 | [762.4]との互換性の要件に合致しないサービス等を調達せざ
789.7	[564.7]富士通㈱
784.8	[100.7]小規模事業者統合データベースに係るハードウェア | [327.3]財務部長 | [762.4]るを得なくなるため、既存のサービス等の拡大若しくは
779.3	[84.0]1 | [504.1]29.4.1 | [564.7](法人番号 1020001071491) | [1031.1]- | [1146.1]11,341,803 | [1205.5]- | [1250.2]-
773.6	[100.7]等の製品保守業務（２９年度） | [327.3]饒平名 | [363.9]知克 | [762.4]追加を当初の契約の相手から受ける必要があるため。
769.4	[564.7]東京都港区東新橋1-5-2
764.3	[762.4]会計規程 | [804.1]第32条第1項第1号「契約の性質又は目的が
762.5	[327.3]港区虎ノ門3-5-1
754.1	[762.4]競争を許さないとき」に該当）
737.2	[564.7]エム・ユー・フロンティア債権回収㈱
728.3	[327.3]分任契約担当役 | [564.7](法人番号 2011201006320) | [762.4]公募により企画競争に付された内から、当社の提案した
717.1	[100.7]高度化事業に係る債権の調査・アドバイザリー業務 | [327.3]財務部長 | [564.7]東京都中野区本町2-46-1 | [762.4]企画内容が当機構の期待する最も優秀なものと選定さ | [1097.8]※個別契約に係る調査
711.6	[84.0]2 | [504.1]29.4.1 | [1028.7]－ | [1205.2]- | [1249.8]-
705.9	[100.7]請負基本契約 | [327.3]饒平名 | [363.9]知克 | [564.7]日立キャピタル債権回収㈱ | [762.4]れたため。（会計規程第32条第1項第1号「契約性質又は | [1134.9]日数等による
696.5	[564.7](法人番号 1010401002007) | [762.4]目的が競争を許さないとき。」に該当）
694.7	[327.3]港区虎ノ門3-5-1
686.4	[564.7]東京都港区西新橋1-3-1
669.5	[564.7]三重県
660.5	[327.3]分任契約担当役 | [564.7](法事番号 5000020240001) | [762.4]本件は、地方公共団体との取決めにより、契約の相手
649.4	[327.3]財務部長 | [564.7]三重県津市広明町13 | [762.4]方が一に定められており、競争性がなく随意契約によら
643.9	[84.0]3 | [100.7]三重県の高度化資金債権管理回収業務の外部委託 | [504.1]29.4.1 | [1028.7]－ | [1108.6]※成功報酬等は契約書による | [1202.8]－ | [1247.4]－
638.2	[327.3]饒平名 | [363.9]知克 | [564.7]エム・ユー・フロンティア債権回収㈱ | [762.4]ざるを得ない（会計規程第32条第1項第1号「契約性質又
628.8	[564.7](法人番号 2011201006320) | [762.4]は目的が競争を許さないとき。」に該当）
627.0	[327.3]港区虎ノ門3-5-1
618.6	[564.7]東京都中野区本町2-46-1
608.5	[564.7]栃木県
599.5	[327.3]分任契約担当役 | [564.7](法人番号 5000020090000) | [762.4]本件は、地方公共団体との取決めにより、契約の相手
588.3	[327.3]財務部長 | [564.7]栃木県宇都宮市塙田1-1-20 | [762.4]方が一に定められており、競争性がなく随意契約によら
582.8	[84.0]4 | [100.7]栃木県の高度化資金債権管理回収業務の外部委託 | [504.1]29.4.1 | [1028.7]－ | [1108.6]※成功報酬等は契約書による | [1202.8]－ | [1247.4]－
577.1	[327.3]饒平名 | [363.9]知克 | [564.7]エム・ユー・フロンティア債権回収㈱ | [762.4]ざるを得ない（会計規程第32条第1項第1号「契約性質又
567.8	[564.7](法人番号 2011201006320) | [762.4]は目的が競争を許さないとき。」に該当）
565.9	[327.3]港区虎ノ門3-5-1
557.6	[564.7]東京都中野区本町2-46-1
539.1	[327.3]分任契約担当役
537.3	[762.4]本件は、地方公共団体との取決めにより、契約の相手
532.2	[564.7]札幌商工会議所
527.3	[100.7]経営改善計画策定支援事業の実施に関する委託契 | [327.3]財務部長 | [762.4]方が一に定められており、競争性がなく随意契約によら
521.8	[84.0]5 | [502.6]29.4.1 | [564.7](法人番号 7430005003188) | [1028.7]－ | [1141.6]109,828,040 | [1205.5]- | [1250.2]-
516.1	[100.7]約 | [327.3]饒平名 | [367.7]知克 | [762.4]ざるを得ない（会計規程第32条第1項第1号「契約性質又
511.8	[564.7]北海道札幌市中央区北一条西2-2-1
506.8	[762.4]は目的が競争を許さないとき。」に該当）
504.5	[327.3]港区虎ノ門3-5-1
478.1	[327.3]分任契約担当役
476.2	[762.4]本件は、地方公共団体との取決めにより、契約の相手
471.1	[564.7]公益財団法人２１あおもり産業総合支援センター
466.3	[100.7]経営改善計画策定支援事業の実施に関する委託契 | [327.3]財務部長 | [762.4]方が一に定められており、競争性がなく随意契約によら
460.8	[84.0]6 | [502.6]29.4.1 | [564.7](法人番号 8420005006793) | [1028.7]－ | [1146.1]43,849,022 | [1205.5]- | [1250.2]-
455.1	[100.7]約 | [327.3]饒平名 | [367.7]知克 | [762.4]ざるを得ない（会計規程第32条第1項第1号「契約性質又
450.8	[564.7]青森県青森市新町2-4-1
445.7	[762.4]は目的が競争を許さないとき。」に該当）
443.5	[327.3]港区虎ノ門3-5-1
417.0	[327.3]分任契約担当役
415.2	[762.4]本件は、地方公共団体との取決めにより、契約の相手
410.1	[564.7]盛岡商工会議所
405.2	[100.7]経営改善計画策定支援事業の実施に関する委託契 | [327.3]財務部長 | [762.4]方が一に定められており、競争性がなく随意契約によら
399.8	[84.0]7 | [502.6]29.4.1 | [564.7](法人番号 8400005000831) | [1028.7]－ | [1146.1]94,197,758 | [1205.5]- | [1250.2]-
394.1	[100.7]約 | [327.3]饒平名 | [367.7]知克 | [762.4]ざるを得ない（会計規程第32条第1項第1号「契約性質又
389.8	[564.7]岩手県盛岡市清水町14-12
384.7	[762.4]は目的が競争を許さないとき。」に該当）
382.5	[327.3]港区虎ノ門3-5-1
356.0	[327.3]分任契約担当役
354.2	[762.4]本件は、地方公共団体との取決めにより、契約の相手
349.1	[564.7]公益財団法人みやぎ産業振興機構
344.2	[100.7]経営改善計画策定支援事業の実施に関する委託契 | [327.3]財務部長 | [762.4]方が一に定められており、競争性がなく随意契約によら
338.7	[84.0]8 | [502.6]29.4.1 | [564.7](法人番号 4370005003271) | [1028.7]－ | [1146.1]79,703,795 | [1205.5]- | [1250.2]-
333.0	[100.7]約 | [327.3]饒平名 | [367.7]知克 | [762.4]ざるを得ない（会計規程第32条第1項第1号「契約性質又
328.8	[564.7]宮城県仙台市青葉区上杉1-14-2
323.7	[762.4]は目的が競争を許さないとき。」に該当）
321.4	[327.3]港区虎ノ門3-5-1
295.0	[327.3]分任契約担当役
293.1	[762.4]本件は、地方公共団体との取決めにより、契約の相手
288.1	[564.7]秋田商工会議所
283.2	[100.7]経営改善計画策定支援事業の実施に関する委託契 | [327.3]財務部長 | [762.4]方が一に定められており、競争性がなく随意契約によら
277.7	[84.0]9 | [502.6]29.4.1 | [564.7](法人番号 3410005000488) | [1028.7]－ | [1146.1]31,911,349 | [1205.5]- | [1250.2]-
272.0	[100.7]約 | [327.3]饒平名 | [367.7]知克 | [762.4]ざるを得ない（会計規程第32条第1項第1号「契約性質又
267.7	[564.7]秋田県秋田市旭北錦町1-47
262.6	[762.4]は目的が競争を許さないとき。」に該当）
260.4	[327.3]港区虎ノ門3-5-1
233.9	[327.3]分任契約担当役
232.1	[762.4]本件は、地方公共団体との取決めにより、契約の相手
227.0	[564.7]公益財団法人山形県企業振興公社
222.2	[100.7]経営改善計画策定支援事業の実施に関する委託契 | [327.3]財務部長 | [762.4]方が一に定められており、競争性がなく随意契約によら
216.7	[81.4]10 | [502.6]29.4.1 | [564.7](法人場号 5390005000373) | [1028.7]－ | [1141.6]143,293,250 | [1205.5]- | [1250.2]-
211.0	[100.7]約 | [327.3]饒平名 | [367.7]知克 | [762.4]ざるを得ない（会計規程第32条第1項第1号「契約性質又
206.7	[564.7]山形県山形市城南町1-1-1
201.6	[762.4]は目的が競争を許さないとき。」に該当）
199.4	[327.3]港区虎ノ門3-5-1
172.9	[327.3]分任契約担当役
171.1	[762.4]本件は、地方公共団体との取決めにより、契約の相手
166.0	[564.7]公益財団法人福島県産業振興センター
161.1	[100.7]経営改善計画策定支援事業の実施に関する委託契 | [327.3]財務部長 | [762.4]方が一に定められており、競争性がなく随意契約によら
155.6	[81.4]11 | [502.6]29.4.1 | [564.7](法人番号 2380005010153) | [1028.7]－ | [1146.1]65,766,866 | [1205.5]- | [1250.2]-
149.9	[100.7]約 | [327.3]饒平名 | [367.7]知克 | [762.4]ざるを得ない（会計規程第32条第1項第1号「契約性質又
145.7	[564.7]福島県福島市三河南町1-20
140.6	[762.4]は目的が競争を許さないとき。」に該当）
138.3	[327.3]港区虎ノ門3-5-1
111.9	[327.3]分任契約担当役
110.1	[762.4]本件は、地方公共団体との取決めにより、契約の相手
105.0	[564.7]水戸商工会議所
100.1	[100.7]経営改善計画策定支援事業の実施に関する委託契 | [327.3]財務部長 | [762.4]方が一に定められており、競争性がなく随意契約によら
94.6	[81.4]12 | [502.6]29.4.1 | [564.7](法人番号 4050005000557) | [1028.7]－ | [1146.1]80,622,180 | [1205.5]- | [1250.2]-
88.9	[100.7]約 | [327.3]饒平名 | [367.7]知克 | [762.4]ざるを得ない（会計規程第32条第1項第1号「契約性質又
84.6	[564.7]茨城県水戸市桜川2-2-35
79.5	[762.4]は目的が競争を許さないとき。」に該当）
77.3	[327.3]港区虎ノ門3-5-1
PAGE 2 lines=122
919.7	[330.8]契約担当官等の氏名並びに | [765.3]随意契約によることとした会計規程上の根拠
913.6	[1191.2]落札率 | [1230.5]再就職の
907.5	[146.5]物品役務等の名称及び数量 | [331.6]その所属する部局の名称及 | [473.6]契約を締結した日 | [568.8]契約の相手方の商号又は名称及び住所 | [835.2]条文及び理由 | [1001.0]予定価格（円） | [1106.8]契約金額（円） | [1301.3]備考
901.4	[1196.7]（％） | [1230.5]職員の数
895.3	[374.5]び所在地 | [818.5]（企画競争又は公募）
870.3	[327.3]分任契約担当役
868.5	[762.4]本件は、地方公共団体との取決めにより、契約の相手
863.4	[564.7]宇都宮商工会議所
858.5	[100.7]経営改善計画策定支援事業の実施に関する委託契 | [327.3]財務部長 | [762.4]方が一に定められており、競争性がなく随意契約によら
853.0	[81.4]13 | [502.6]29.4.1 | [564.7](法人番号 4060005000597) | [1028.7]－ | [1146.1]47,283,041 | [1205.5]- | [1250.2]-
847.3	[100.7]約 | [327.3]饒平名 | [367.7]知克 | [762.4]ざるを得ない（会計規程第32条第1項第1号「契約性質又
843.0	[564.7]栃木県宇都宮市中央3-1-4
837.9	[762.4]は目的が競争を許さないとき。」に該当）
835.7	[327.3]港区虎ノ門3-5-1
809.2	[327.3]分任契約担当役
807.4	[762.4]本件は、地方公共団体との取決めにより、契約の相手
802.3	[564.7]公益財団法人群馬県産業支援機構
797.5	[100.7]経営改善計画策定支援事業の実施に関する委託契 | [327.3]財務部長 | [762.4]方が一に定められており、競争性がなく随意契約によら
792.0	[81.4]14 | [502.6]29.4.1 | [564.7](法人番号 2070005008286) | [1028.7]－ | [1146.1]60,453,565 | [1205.5]- | [1250.2]-
786.3	[100.7]約 | [327.3]饒平名 | [367.7]知克 | [762.4]ざるを得ない（会計規程第32条第1項第1号「契約性質又
782.0	[564.7]群馬県前橋市亀里町884-1
776.9	[762.4]は目的が競争を許さないとき。」に該当）
774.7	[327.3]港区虎ノ門3-5-1
748.2	[327.3]分任契約担当役
746.4	[762.4]本件は、地方公共団体との取決めにより、契約の相手
741.3	[564.7]さいたま商工会議所
736.4	[100.7]経営改善計画策定支援事業の実施に関する委託契 | [327.3]財務部長 | [762.4]方が一に定められており、競争性がなく随意契約によら
730.9	[81.4]15 | [502.6]29.4.1 | [564.7](法人番号 8030005001355) | [1028.7]－ | [1141.6]123,094,763 | [1205.5]- | [1250.2]-
725.2	[100.7]約 | [327.3]饒平名 | [367.7]知克 | [762.4]ざるを得ない（会計規程第32条第1項第1号「契約性質又
721.0	[564.7]埼玉県さいたま市浦和区高砂3-17-15
715.9	[762.4]は目的が競争を許さないとき。」に該当）
713.6	[327.3]港区虎ノ門3-5-1
687.2	[327.3]分任契約担当役
685.4	[762.4]本件は、地方公共団体との取決めにより、契約の相手
680.3	[564.7]千葉商工会議所
675.4	[100.7]経営改善計画策定支援事業の実施に関する委託契 | [327.3]財務部長 | [762.4]方が一に定められており、競争性がなく随意契約によら
669.9	[81.4]16 | [502.6]29.4.1 | [564.7](法人番号 6040005000705) | [1028.7]－ | [1141.6]150,230,160 | [1205.5]- | [1250.2]-
664.2	[100.7]約 | [327.3]饒平名 | [367.7]知克 | [762.4]ざるを得ない（会計規程第32条第1項第1号「契約性質又
659.9	[564.7]千葉県千葉市中央区中央2-5-1
654.9	[762.4]は目的が競争を許さないとき。」に該当）
652.6	[327.3]港区虎ノ門3-5-1
626.2	[327.3]分任契約担当役
624.3	[762.4]本件は、地方公共団体との取決めにより、契約の相手
619.3	[564.7]東京商工会議所
614.4	[100.7]経営改善計画策定支援事業の実施に関する委託契 | [327.3]財務部長 | [762.4]方が一に定められており、競争性がなく随意契約によら
608.9	[81.4]17 | [502.6]29.4.1 | [564.7](法人番号 4010005003976) | [1028.7]－ | [1141.6]308,433,430 | [1205.5]- | [1250.2]-
603.2	[100.7]約 | [327.3]饒平名 | [367.7]知克 | [762.4]ざるを得ない（会計規程第32条第1項第1号「契約性質又
598.9	[564.7]東京都千代田区丸の内2-5-1
593.8	[762.4]は目的が競争を許さないとき。」に該当）
591.6	[327.3]港区虎ノ門3-5-1
565.1	[327.3]分任契約担当役
563.3	[762.4]本件は、地方公共団体との取決めにより、契約の相手
558.2	[564.7]公益財団法人神奈川産業振興センター
553.3	[100.7]経営改善計画策定支援事業の実施に関する委託契 | [327.3]財務部長 | [762.4]方が一に定められており、競争性がなく随意契約によら
547.8	[81.4]18 | [502.6]29.4.1 | [564.7](法人番号 2020005009776) | [1028.7]－ | [1141.6]196,274,937 | [1205.5]- | [1250.2]-
542.1	[100.7]約 | [327.3]饒平名 | [367.7]知克 | [762.4]ざるを得ない（会計規程第32条第1項第1号「契約性質又
537.9	[564.7]神奈川県横浜市中区尾上町5-80
532.8	[762.4]は目的が競争を許さないとき。」に該当）
530.5	[327.3]港区虎ノ門3-5-1
504.1	[327.3]分任契約担当役
502.3	[762.4]本件は、地方公共団体との取決めにより、契約の相手
497.2	[564.7]公益財団法人にいがた産業創造機構
492.3	[100.7]経営改善計画策定支援事業の実施に関する委託契 | [327.3]財務部長 | [762.4]方が一に定められており、競争性がなく随意契約によら
486.8	[81.4]19 | [502.6]29.4.1 | [564.7](法人番号 7110005000176) | [1028.7]－ | [1146.1]78,349,924 | [1205.5]- | [1250.2]-
481.1	[100.7]約 | [327.3]饒平名 | [367.7]知克 | [762.4]ざるを得ない（会計規程第32条第1項第1号「契約性質又
476.8	[564.7]新潟県新潟市中央区万代島5-1
471.8	[762.4]は目的が競争を許さないとき。」に該当）
469.5	[327.3]港区虎ノ門3-5-1
443.1	[327.3]分任契約担当役
441.2	[762.4]本件は、地方公共団体との取決めにより、契約の相手
436.2	[564.7]公益財団法人長野県中小企業振興センター
431.3	[100.7]経営改善計画策定支援事業の実施に関する委託契 | [327.3]財務部長 | [762.4]方が一に定められており、競争性がなく随意契約によら
425.8	[81.4]20 | [502.6]29.4.1 | [564.7](法人番号 5100005010797) | [1028.7]－ | [1146.1]97,630,434 | [1205.5]- | [1250.2]-
420.1	[100.7]約 | [327.3]饒平名 | [367.7]知克 | [762.4]ざるを得ない（会計規程第32条第1項第1号「契約性質又
415.8	[564.7]長野県長野市若里1-18-1
410.7	[762.4]は目的が競争を許さないとき。」に該当）
408.5	[327.3]港区虎ノ門3-5-1
382.1	[327.3]分任契約担当役
380.2	[762.4]本件は、地方公共団体との取決めにより、契約の相手
375.1	[564.7]公益財団法人やまなし産業支援機構
370.2	[100.7]経営改善計画策定支援事業の実施に関する委託契 | [327.3]財務部長 | [762.4]方が一に定められており、競争性がなく随意契約によら
364.8	[81.4]21 | [502.6]29.4.1 | [564.7](法人番号 4090005002888) | [1028.7]－ | [1146.1]69,800,971 | [1205.5]- | [1250.2]-
359.1	[100.7]約 | [327.3]饒平名 | [367.7]知克 | [762.4]ざるを得ない（会計規程第32条第1項第1号「契約性質又
354.8	[564.7]山梨県甲府市大津町2192-8
349.7	[762.4]は目的が競争を許さないとき。」に該当）
347.5	[327.3]港区虎ノ門3-5-1
321.0	[327.3]分任契約担当役
319.2	[762.4]本件は、地方公共団体との取決めにより、契約の相手
314.1	[564.7]静岡商工会議所
309.2	[100.7]経営改善計画策定支援事業の実施に関する委託契 | [327.3]財務部長 | [762.4]方が一に定められており、競争性がなく随意契約によら
303.7	[81.4]22 | [502.6]29.4.1 | [564.7](法人番号 3080005004358) | [1028.7]－ | [1141.6]136,577,232 | [1205.5]- | [1250.2]-
298.0	[100.7]約 | [327.3]饒平名 | [367.7]知克 | [762.4]ざるを得ない（会計規程第32条第1項第1号「契約性質又
293.8	[564.7]静岡県静岡市葵区黒金町20-8
288.7	[762.4]は目的が競争を許さないとき。」に該当）
286.4	[327.3]港区虎ノ門3-5-1
260.0	[327.3]分任契約担当役
258.1	[762.4]本件は、地方公共団体との取決めにより、契約の相手
253.1	[564.7]名古屋商工会議所
248.2	[100.7]経営改善計画策定支援事業の実施に関する委託契 | [327.3]財務部長 | [762.4]方が一に定められており、競争性がなく随意契約によら
242.7	[81.4]23 | [502.6]29.4.1 | [564.7](法人番号 3180005004298) | [1028.7]－ | [1141.6]161,144,362 | [1205.5]- | [1250.2]-
237.0	[100.7]約 | [327.3]饒平名 | [367.7]知克 | [762.4]ざるを得ない（会計規程第32条第1項第1号「契約性質又
232.7	[564.7]愛知県名古屋市中区栄2-10-19
227.6	[762.4]は目的が競争を許さないとき。」に該当）
225.4	[327.3]港区虎ノ門3-5-1
199.0	[327.3]分任契約担当役
197.1	[762.4]本件は、地方公共団体との取決めにより、契約の相手
192.1	[564.7]岐阜商工会議所
187.2	[100.7]経営改善計画策定支援事業の実施に関する委託契 | [327.3]財務部長 | [762.4]方が一に定められており、競争性がなく随意契約によら
181.7	[81.4]24 | [502.6]29.4.1 | [564.7](法人番号 6200005001694) | [1028.7]－ | [1146.1]62,937,226 | [1205.5]- | [1250.2]-
176.0	[100.7]約 | [327.3]饒平名 | [367.7]知克 | [762.4]ざるを得ない（会計規程第32条第1項第1号「契約性質又
171.7	[564.7]岐阜県岐阜市神田町2-2
166.6	[762.4]は目的が競争を許さないとき。」に該当）
164.4	[327.3]港区虎ノ門3-5-1
137.9	[327.3]分任契約担当役
136.1	[762.4]本件は、地方公共団体との取決めにより、契約の相手
131.0	[564.7]公益財団法人三重県産業支援センター
126.1	[100.7]経営改善計画策定支援事業の実施に関する委託契 | [327.3]財務部長 | [762.4]方が一に定められており、競争性がなく随意契約によら
120.6	[81.4]25 | [502.6]29.4.1 | [564.7](法人番号 5190005009963) | [1028.7]－ | [1146.1]56,941,758 | [1205.5]- | [1250.2]-
114.9	[100.7]約 | [327.3]饒平名 | [367.7]知克 | [762.4]ざるを得ない（会計規程第32条第1項第1号「契約性質又
110.7	[564.7]三重県津市栄町1-891
105.6	[762.4]は目的が競争を許さないとき。」に該当）
103.3	[327.3]港区虎ノ門3-5-1
END smrj-2017-discretionary
file:///home/runner/work/meti-funding-watch/meti-funding-watch/scripts/oneoff-probe-institution-pdfs.mjs:54
    await pdf.destroy();
              ^

TypeError: pdf.destroy is not a function
    at file:///home/runner/work/meti-funding-watch/meti-funding-watch/scripts/oneoff-probe-institution-pdfs.mjs:54:15
    at process.processTicksAndRejections (node:internal/process/task_queues:103:5)

Node.js v22.23.2
INSTITUTION_PDF_PROBE_EXIT=1
