JPO_H29_INDEX={"pdfCount":27,"index":"https://www.jpo.go.jp/news/chotatsu/rakusatu/sougou/h29.html"}
JPO_H29_PDF={"url":"https://www.jpo.go.jp/news/chotatsu/rakusatu/sougou/document/h29/2017_01.pdf","status":200,"ok":true,"bytes":40450,"sha256":"6a3c425ab33d5f2f915ec597dc71346f977d6f5fd03d2faa995fb9b866c0eb47","pages":1,"interesting":[{"p":1,"t":"円","x":0.4387,"y":0.5108,"w":0.0161},{"p":1,"t":"円","x":0.7229,"y":0.3925,"w":0.0161},{"p":1,"t":"円","x":0.7229,"y":0.3634,"w":0.0161},{"p":1,"t":"平成29年2月10日","x":0.3358,"y":0.6944,"w":0.1209},{"p":1,"t":"平成29年3月6日","x":0.3358,"y":0.6639,"w":0.1129},{"p":1,"t":"平成29年4月3日","x":0.3358,"y":0.6334,"w":0.1129},{"p":1,"t":"法人番号9011001046601","x":0.3358,"y":0.5724,"w":0.1693},{"p":1,"t":"法人番号","x":0.4387,"y":0.425,"w":0.0645},{"p":1,"t":"法人番号4013301020174","x":0.3854,"y":0.3637,"w":0.1693}]}
JPO_H29_PDF={"url":"https://www.jpo.go.jp/news/chotatsu/rakusatu/sougou/document/h29/2017_02.pdf","status":200,"ok":true,"bytes":38998,"sha256":"3c8961c758b3a51f298a38e9dd86b9f2498712346a35ffd31cefc8a354a96d48","pages":1,"interesting":[{"p":1,"t":"円","x":0.4387,"y":0.5108,"w":0.0161},{"p":1,"t":"円","x":0.7229,"y":0.3925,"w":0.0161},{"p":1,"t":"円","x":0.7229,"y":0.3634,"w":0.0161},{"p":1,"t":"法人番号9013401001425","x":0.3854,"y":0.3637,"w":0.1693},{"p":1,"t":"法人番号","x":0.4387,"y":0.425,"w":0.0645},{"p":1,"t":"平成29年4月3日","x":0.3358,"y":0.6334,"w":0.1129},{"p":1,"t":"法人番号3013201004245","x":0.3358,"y":0.5724,"w":0.1693},{"p":1,"t":"平成29年1月16日","x":0.3358,"y":0.6944,"w":0.1209},{"p":1,"t":"平成29年2月7日","x":0.3358,"y":0.6639,"w":0.1129}]}
JPO_H29_PDF={"url":"https://www.jpo.go.jp/news/chotatsu/rakusatu/sougou/document/h29/2017_03.pdf","status":200,"ok":true,"bytes":54448,"sha256":"647bc45444cd18776459ca3b687a5485326d99e6c5974d17bd2a792bb614f11c","pages":1,"interesting":[{"p":1,"t":"円","x":0.4389,"y":0.5109,"w":0.0161},{"p":1,"t":"円","x":0.7232,"y":0.3926,"w":0.0161},{"p":1,"t":"円","x":0.7232,"y":0.3635,"w":0.0161},{"p":1,"t":"円","x":0.7232,"y":0.3344,"w":0.0161},{"p":1,"t":"平成29年2月10日","x":0.336,"y":0.6944,"w":0.121},{"p":1,"t":"平成29年3月7日","x":0.336,"y":0.6639,"w":0.1129},{"p":1,"t":"平成29年4月3日","x":0.336,"y":0.6334,"w":0.1129},{"p":1,"t":"法人番号1234567890123","x":0.336,"y":0.5724,"w":0.1694},{"p":1,"t":"法人番号","x":0.4388,"y":0.4251,"w":0.0645},{"p":1,"t":"法人番号1010001013874","x":0.3702,"y":0.3638,"w":0.1694},{"p":1,"t":"法人番号8010401021636","x":0.3702,"y":0.3347,"w":0.1694}]}
JPO_H29_PDF={"url":"https://www.jpo.go.jp/news/chotatsu/rakusatu/sougou/document/h29/2017_04.pdf","status":200,"ok":true,"bytes":41430,"sha256":"8494285644d3cff21dd4ab1cfe12ef42607006396a78d276c63a1184d1d78c02","pages":1,"interesting":[{"p":1,"t":"円","x":0.4387,"y":0.5108,"w":0.0161},{"p":1,"t":"円","x":0.7229,"y":0.3925,"w":0.0161},{"p":1,"t":"円","x":0.7229,"y":0.3634,"w":0.0161},{"p":1,"t":"法人番号1010001013874","x":0.3701,"y":0.3637,"w":0.1693},{"p":1,"t":"法人番号","x":0.4387,"y":0.425,"w":0.0645},{"p":1,"t":"平成29年4月3日","x":0.3358,"y":0.6334,"w":0.1129},{"p":1,"t":"法人番号1010005016691","x":0.3358,"y":0.5724,"w":0.1693},{"p":1,"t":"平成29年1月26日","x":0.3358,"y":0.6944,"w":0.1209},{"p":1,"t":"平成29年3月2日","x":0.3358,"y":0.6639,"w":0.1129},{"p":1,"t":"平成29年度産業財産権制度調和に係る共同研究調査事業","x":0.3358,"y":0.7332,"w":0.4193}]}
JPO_H29_PDF={"url":"https://www.jpo.go.jp/news/chotatsu/rakusatu/sougou/document/h29/2017_05.pdf","status":200,"ok":true,"bytes":38671,"sha256":"32e2335177f994b210cc3bdc0278e7314f54d25514a78bf0c3e7ccbea1e24a1c","pages":1,"interesting":[{"p":1,"t":"円","x":0.4387,"y":0.5108,"w":0.0161},{"p":1,"t":"円","x":0.7229,"y":0.3925,"w":0.0161},{"p":1,"t":"平成29年1月23日","x":0.3358,"y":0.6944,"w":0.1209},{"p":1,"t":"平成29年2月24日","x":0.3358,"y":0.6639,"w":0.1209},{"p":1,"t":"平成29年4月3日","x":0.3358,"y":0.6334,"w":0.1129},{"p":1,"t":"法人番号7011101024574","x":0.3358,"y":0.5724,"w":0.1693},{"p":1,"t":"法人番号","x":0.4387,"y":0.425,"w":0.0645}]}
JPO_H29_PDF={"url":"https://www.jpo.go.jp/news/chotatsu/rakusatu/sougou/document/h29/2017_06.pdf","status":200,"ok":true,"bytes":55125,"sha256":"f51f2cf5dda0b87b9d0c553ac1199db25d9bff10973fb63a96be156dfbd3837b","pages":1,"interesting":[{"p":1,"t":"円","x":0.4546,"y":0.5394,"w":0.0149},{"p":1,"t":"円","x":0.7256,"y":0.4291,"w":0.0149},{"p":1,"t":"円","x":0.7256,"y":0.402,"w":0.0149},{"p":1,"t":"法人番号1011101019002","x":0.3723,"y":0.4293,"w":0.1608},{"p":1,"t":"法人番号","x":0.4461,"y":0.4595,"w":0.0609},{"p":1,"t":"平成29年4月3日","x":0.3311,"y":0.6539,"w":0.1069},{"p":1,"t":"法人番号7010401052137","x":0.3311,"y":0.5969,"w":0.1608},{"p":1,"t":"平成29年2月15日","x":0.3311,"y":0.6824,"w":0.1146}]}
JPO_H29_PDF={"url":"https://www.jpo.go.jp/news/chotatsu/rakusatu/sougou/document/h29/2017_07.pdf","status":202,"bytes":2459,"ok":false}
JPO_H29_PDF={"url":"https://www.jpo.go.jp/news/chotatsu/rakusatu/sougou/document/h29/2017_08.pdf","status":202,"bytes":2459,"ok":false}
JPO_H29_PDF={"url":"https://www.jpo.go.jp/news/chotatsu/rakusatu/sougou/document/h29/2017_09.pdf","status":202,"bytes":2459,"ok":false}
JPO_H29_PDF={"url":"https://www.jpo.go.jp/news/chotatsu/rakusatu/sougou/document/h29/2017_10.pdf","status":202,"bytes":2459,"ok":false}
JPO_H29_PDF={"url":"https://www.jpo.go.jp/news/chotatsu/rakusatu/sougou/document/h29/2017_11.pdf","status":202,"bytes":2459,"ok":false}
JPO_H29_PDF={"url":"https://www.jpo.go.jp/news/chotatsu/rakusatu/sougou/document/h29/2017_12.pdf","status":202,"bytes":2459,"ok":false}
JPO_H29_PDF={"url":"https://www.jpo.go.jp/news/chotatsu/rakusatu/sougou/document/h29/2017_13.pdf","status":202,"bytes":2459,"ok":false}
JPO_H29_PDF={"url":"https://www.jpo.go.jp/news/chotatsu/rakusatu/sougou/document/h29/2017_14.pdf","status":202,"bytes":2459,"ok":false}
JPO_H29_PDF={"url":"https://www.jpo.go.jp/news/chotatsu/rakusatu/sougou/document/h29/2017_15.pdf","status":202,"bytes":2459,"ok":false}
JPO_H29_PDF={"url":"https://www.jpo.go.jp/news/chotatsu/rakusatu/sougou/document/h29/2017_16.pdf","status":202,"bytes":2459,"ok":false}
JPO_H29_PDF={"url":"https://www.jpo.go.jp/news/chotatsu/rakusatu/sougou/document/h29/2017_17.pdf","status":202,"bytes":2459,"ok":false}
JPO_H29_PDF={"url":"https://www.jpo.go.jp/news/chotatsu/rakusatu/sougou/document/h29/2017_18.pdf","status":202,"bytes":2459,"ok":false}
JPO_H29_PDF={"url":"https://www.jpo.go.jp/news/chotatsu/rakusatu/sougou/document/h29/2017_19.pdf","status":202,"bytes":2459,"ok":false}
JPO_H29_PDF={"url":"https://www.jpo.go.jp/news/chotatsu/rakusatu/sougou/document/h29/2017_20.pdf","status":202,"bytes":2459,"ok":false}
JPO_H29_PDF={"url":"https://www.jpo.go.jp/news/chotatsu/rakusatu/sougou/document/h29/2017_21.pdf","status":202,"bytes":2459,"ok":false}
JPO_H29_PDF={"url":"https://www.jpo.go.jp/news/chotatsu/rakusatu/sougou/document/h29/2017_22.pdf","status":202,"bytes":2459,"ok":false}
JPO_H29_PDF={"url":"https://www.jpo.go.jp/news/chotatsu/rakusatu/sougou/document/h29/2017_23.pdf","status":202,"bytes":2459,"ok":false}
JPO_H29_PDF={"url":"https://www.jpo.go.jp/news/chotatsu/rakusatu/sougou/document/h29/2017_24.pdf","status":202,"bytes":2459,"ok":false}
JPO_H29_PDF={"url":"https://www.jpo.go.jp/news/chotatsu/rakusatu/sougou/document/h29/2017_25.pdf","status":202,"bytes":2459,"ok":false}
JPO_H29_PDF={"url":"https://www.jpo.go.jp/news/chotatsu/rakusatu/sougou/document/h29/2017_26.pdf","status":202,"bytes":2459,"ok":false}
JPO_H29_PDF={"url":"https://www.jpo.go.jp/news/chotatsu/rakusatu/sougou/document/h29/2017_27.pdf","status":202,"bytes":2459,"ok":false}
JPO_H29_EXIT=0
